// Jest Snapshot v1, https://goo.gl/fbAQLP

exports[`FAB renders correctly 1`] = `
<View
  style={
    Object {
      "alignItems": "center",
      "bottom": 50,
      "justifyContent": "center",
      "opacity": 0,
      "position": "absolute",
      "right": 25,
      "transform": Array [
        Object {
          "translateY": 200,
        },
      ],
    }
  }
>
  <View>
    <View
      style={
        Object {
          "alignItems": "center",
          "backgroundColor": "white",
          "borderRadius": 28,
          "height": 52,
          "justifyContent": "center",
          "margin": 7,
          "shadowColor": "rgba(0,0,0, .4)",
          "shadowOffset": Object {
            "height": 1,
            "width": 1,
          },
          "shadowOpacity": 1,
          "shadowRadius": 1,
          "width": 52,
        }
      }
      theme={
        Object {
          "colors": Object {
            "disabled": "hsl(208, 8%, 90%)",
            "divider": "#bcbbc1",
            "error": "#ff190c",
            "grey0": "#393e42",
            "grey1": "#43484d",
            "grey2": "#5e6977",
            "grey3": "#86939e",
            "grey4": "#bdc6cf",
            "grey5": "#e1e8ee",
            "greyOutline": "#bbb",
            "platform": Object {
              "android": Object {
                "error": "#f44336",
                "primary": "#2196f3",
                "secondary": "#9C27B0",
                "success": "#4caf50",
                "warning": "#ffeb3b",
              },
              "ios": Object {
                "error": "#ff3b30",
                "primary": "#007aff",
                "secondary": "#5856d6",
                "success": "#4cd964",
                "warning": "#ffcc00",
              },
            },
            "primary": "#2089dc",
            "searchBg": "#303337",
            "secondary": "#8F0CE8",
            "success": "#52c41a",
            "warning": "#faad14",
          },
        }
      }
      underlayColor="white"
    >
      <Text
        allowFontScaling={false}
        style={
          Array [
            Object {
              "color": "#263238",
              "fontSize": 24,
            },
            Object {
              "backgroundColor": "transparent",
            },
            Object {
              "fontFamily": "FontAwesome",
              "fontStyle": "normal",
              "fontWeight": "normal",
            },
            Object {},
          ]
        }
        testID="iconIcon"
      >
        ï€‚
      </Text>
    </View>
  </View>
</View>
`;
